---
source: tests/snapshots/render_snapshots.rs
expression: output
---




        ╭ Error ───────────────────────────────────╮
        │                                          │
        │  Connection lost                         │
        │                                          │
        │                                          │
        │  Press any key to dismiss                │
        ╰──────────────────────────────────────────╯
